
> bezgo-rider@1.0.0 typecheck
> tsc --noEmit

app/(tabs)/_layout.tsx(19,64): error TS2322: Type '{ size: number; color: string; }' is not assignable to type 'IntrinsicAttributes & LucideProps'.
  Property 'color' does not exist on type 'IntrinsicAttributes & LucideProps'.
app/(tabs)/_layout.tsx(26,73): error TS2322: Type '{ size: number; color: string; }' is not assignable to type 'IntrinsicAttributes & LucideProps'.
  Property 'color' does not exist on type 'IntrinsicAttributes & LucideProps'.
app/(tabs)/_layout.tsx(33,66): error TS2322: Type '{ size: number; color: string; }' is not assignable to type 'IntrinsicAttributes & LucideProps'.
  Property 'color' does not exist on type 'IntrinsicAttributes & LucideProps'.
app/(tabs)/_layout.tsx(40,64): error TS2322: Type '{ size: number; color: string; }' is not assignable to type 'IntrinsicAttributes & LucideProps'.
  Property 'color' does not exist on type 'IntrinsicAttributes & LucideProps'.
app/(tabs)/earnings.tsx(71,51): error TS2322: Type '{ size: number; color: string; }' is not assignable to type 'IntrinsicAttributes & LucideProps'.
  Property 'color' does not exist on type 'IntrinsicAttributes & LucideProps'.
app/(tabs)/earnings.tsx(86,64): error TS2322: Type '{ size: number; color: string; }' is not assignable to type 'IntrinsicAttributes & LucideProps'.
  Property 'color' does not exist on type 'IntrinsicAttributes & LucideProps'.
app/(tabs)/earnings.tsx(92,65): error TS2322: Type '{ size: number; color: string; }' is not assignable to type 'IntrinsicAttributes & LucideProps'.
  Property 'color' does not exist on type 'IntrinsicAttributes & LucideProps'.
app/(tabs)/earnings.tsx(108,55): error TS2322: Type '{ size: number; color: string; }' is not assignable to type 'IntrinsicAttributes & LucideProps'.
  Property 'color' does not exist on type 'IntrinsicAttributes & LucideProps'.
app/(tabs)/earnings.tsx(113,54): error TS2322: Type '{ size: number; color: string; }' is not assignable to type 'IntrinsicAttributes & LucideProps'.
  Property 'color' does not exist on type 'IntrinsicAttributes & LucideProps'.
app/(tabs)/earnings.tsx(118,57): error TS2322: Type '{ size: number; color: string; }' is not assignable to type 'IntrinsicAttributes & LucideProps'.
  Property 'color' does not exist on type 'IntrinsicAttributes & LucideProps'.
app/(tabs)/index.tsx(118,59): error TS2322: Type '{ size: number; color: string; }' is not assignable to type 'IntrinsicAttributes & LucideProps'.
  Property 'color' does not exist on type 'IntrinsicAttributes & LucideProps'.
app/(tabs)/index.tsx(122,58): error TS2322: Type '{ size: number; color: string; }' is not assignable to type 'IntrinsicAttributes & LucideProps'.
  Property 'color' does not exist on type 'IntrinsicAttributes & LucideProps'.
app/(tabs)/orders.tsx(89,58): error TS2322: Type '{ size: number; color: string; }' is not assignable to type 'IntrinsicAttributes & LucideProps'.
  Property 'color' does not exist on type 'IntrinsicAttributes & LucideProps'.
app/(tabs)/orders.tsx(93,59): error TS2322: Type '{ size: number; color: string; }' is not assignable to type 'IntrinsicAttributes & LucideProps'.
  Property 'color' does not exist on type 'IntrinsicAttributes & LucideProps'.
app/(tabs)/orders.tsx(101,67): error TS2322: Type '{ size: number; color: string; }' is not assignable to type 'IntrinsicAttributes & LucideProps'.
  Property 'color' does not exist on type 'IntrinsicAttributes & LucideProps'.
app/(tabs)/orders.tsx(130,70): error TS2322: Type '{ size: number; color: string; }' is not assignable to type 'IntrinsicAttributes & LucideProps'.
  Property 'color' does not exist on type 'IntrinsicAttributes & LucideProps'.
app/(tabs)/orders.tsx(138,75): error TS2322: Type '{ size: number; color: string; }' is not assignable to type 'IntrinsicAttributes & LucideProps'.
  Property 'color' does not exist on type 'IntrinsicAttributes & LucideProps'.
app/(tabs)/orders.tsx(164,55): error TS2322: Type '{ size: number; color: string; }' is not assignable to type 'IntrinsicAttributes & LucideProps'.
  Property 'color' does not exist on type 'IntrinsicAttributes & LucideProps'.
app/(tabs)/orders.tsx(168,56): error TS2322: Type '{ size: number; color: string; }' is not assignable to type 'IntrinsicAttributes & LucideProps'.
  Property 'color' does not exist on type 'IntrinsicAttributes & LucideProps'.
app/(tabs)/profile.tsx(61,92): error TS2322: Type '{ size: number; color: string; }' is not assignable to type 'IntrinsicAttributes & LucideProps'.
  Property 'color' does not exist on type 'IntrinsicAttributes & LucideProps'.
app/(tabs)/profile.tsx(62,69): error TS2322: Type '{ size: number; color: string; style: { alignSelf: string; }; }' is not assignable to type 'IntrinsicAttributes & LucideProps'.
  Property 'color' does not exist on type 'IntrinsicAttributes & LucideProps'.
app/(tabs)/profile.tsx(69,96): error TS2322: Type '{ size: number; color: string; }' is not assignable to type 'IntrinsicAttributes & LucideProps'.
  Property 'color' does not exist on type 'IntrinsicAttributes & LucideProps'.
app/(tabs)/profile.tsx(70,69): error TS2322: Type '{ size: number; color: string; style: { alignSelf: string; }; }' is not assignable to type 'IntrinsicAttributes & LucideProps'.
  Property 'color' does not exist on type 'IntrinsicAttributes & LucideProps'.
app/(tabs)/profile.tsx(77,96): error TS2322: Type '{ size: number; color: string; }' is not assignable to type 'IntrinsicAttributes & LucideProps'.
  Property 'color' does not exist on type 'IntrinsicAttributes & LucideProps'.
app/(tabs)/profile.tsx(78,69): error TS2322: Type '{ size: number; color: string; style: { alignSelf: string; }; }' is not assignable to type 'IntrinsicAttributes & LucideProps'.
  Property 'color' does not exist on type 'IntrinsicAttributes & LucideProps'.
app/(tabs)/profile.tsx(85,92): error TS2322: Type '{ size: number; color: string; }' is not assignable to type 'IntrinsicAttributes & LucideProps'.
  Property 'color' does not exist on type 'IntrinsicAttributes & LucideProps'.
app/(tabs)/profile.tsx(86,69): error TS2322: Type '{ size: number; color: string; style: { alignSelf: string; }; }' is not assignable to type 'IntrinsicAttributes & LucideProps'.
  Property 'color' does not exist on type 'IntrinsicAttributes & LucideProps'.
app/(tabs)/profile.tsx(93,96): error TS2322: Type '{ size: number; color: string; }' is not assignable to type 'IntrinsicAttributes & LucideProps'.
  Property 'color' does not exist on type 'IntrinsicAttributes & LucideProps'.
app/(tabs)/profile.tsx(94,69): error TS2322: Type '{ size: number; color: string; style: { alignSelf: string; }; }' is not assignable to type 'IntrinsicAttributes & LucideProps'.
  Property 'color' does not exist on type 'IntrinsicAttributes & LucideProps'.
app/(tabs)/profile.tsx(105,51): error TS2322: Type '{ size: number; color: string; }' is not assignable to type 'IntrinsicAttributes & LucideProps'.
  Property 'color' does not exist on type 'IntrinsicAttributes & LucideProps'.
app/login.tsx(44,71): error TS2322: Type '{ size: number; color: string; }' is not assignable to type 'IntrinsicAttributes & LucideProps'.
  Property 'color' does not exist on type 'IntrinsicAttributes & LucideProps'.
app/login.tsx(56,71): error TS2322: Type '{ size: number; color: string; }' is not assignable to type 'IntrinsicAttributes & LucideProps'.
  Property 'color' does not exist on type 'IntrinsicAttributes & LucideProps'.
app/signup.tsx(41,75): error TS2322: Type '{ size: number; color: string; }' is not assignable to type 'IntrinsicAttributes & LucideProps'.
  Property 'color' does not exist on type 'IntrinsicAttributes & LucideProps'.
app/signup.tsx(53,75): error TS2322: Type '{ size: number; color: string; }' is not assignable to type 'IntrinsicAttributes & LucideProps'.
  Property 'color' does not exist on type 'IntrinsicAttributes & LucideProps'.
app/signup.tsx(65,76): error TS2322: Type '{ size: number; color: string; }' is not assignable to type 'IntrinsicAttributes & LucideProps'.
  Property 'color' does not exist on type 'IntrinsicAttributes & LucideProps'.
app/signup.tsx(77,75): error TS2322: Type '{ size: number; color: string; }' is not assignable to type 'IntrinsicAttributes & LucideProps'.
  Property 'color' does not exist on type 'IntrinsicAttributes & LucideProps'.
